Archive member included to satisfy reference by file (symbol)

C:/ST/STM32CubeIDE_2.1.1/STM32CubeIDE/plugins/com.st.stm32cube.ide.mcu.externaltools.gnu-tools-for-stm32.14.3.rel1.win32_1.0.100.202602081740/tools/bin/../lib/gcc/arm-none-eabi/14.3.1/../../../../arm-none-eabi/lib/thumb/v7-m/nofp\libc_nano.a(libc_a-atoi.o)
                              ./Core/Src/API.o (atoi)
C:/ST/STM32CubeIDE_2.1.1/STM32CubeIDE/plugins/com.st.stm32cube.ide.mcu.externaltools.gnu-tools-for-stm32.14.3.rel1.win32_1.0.100.202602081740/tools/bin/../lib/gcc/arm-none-eabi/14.3.1/../../../../arm-none-eabi/lib/thumb/v7-m/nofp\libc_nano.a(libc_a-exit.o)
                              C:/ST/STM32CubeIDE_2.1.1/STM32CubeIDE/plugins/com.st.stm32cube.ide.mcu.externaltools.gnu-tools-for-stm32.14.3.rel1.win32_1.0.100.202602081740/tools/bin/../lib/gcc/arm-none-eabi/14.3.1/../../../../arm-none-eabi/lib/thumb/v7-m/nofp/crt0.o (exit)
C:/ST/STM32CubeIDE_2.1.1/STM32CubeIDE/plugins/com.st.stm32cube.ide.mcu.externaltools.gnu-tools-for-stm32.14.3.rel1.win32_1.0.100.202602081740/tools/bin/../lib/gcc/arm-none-eabi/14.3.1/../../../../arm-none-eabi/lib/thumb/v7-m/nofp\libc_nano.a(libc_a-strtol.o)
                              C:/ST/STM32CubeIDE_2.1.1/STM32CubeIDE/plugins/com.st.stm32cube.ide.mcu.externaltools.gnu-tools-for-stm32.14.3.rel1.win32_1.0.100.202602081740/tools/bin/../lib/gcc/arm-none-eabi/14.3.1/../../../../arm-none-eabi/lib/thumb/v7-m/nofp\libc_nano.a(libc_a-atoi.o) (_strtol_r)
C:/ST/STM32CubeIDE_2.1.1/STM32CubeIDE/plugins/com.st.stm32cube.ide.mcu.externaltools.gnu-tools-for-stm32.14.3.rel1.win32_1.0.100.202602081740/tools/bin/../lib/gcc/arm-none-eabi/14.3.1/../../../../arm-none-eabi/lib/thumb/v7-m/nofp\libc_nano.a(libc_a-ctype_.o)
                              C:/ST/STM32CubeIDE_2.1.1/STM32CubeIDE/plugins/com.st.stm32cube.ide.mcu.externaltools.gnu-tools-for-stm32.14.3.rel1.win32_1.0.100.202602081740/tools/bin/../lib/gcc/arm-none-eabi/14.3.1/../../../../arm-none-eabi/lib/thumb/v7-m/nofp\libc_nano.a(libc_a-strtol.o) (_ctype_)
C:/ST/STM32CubeIDE_2.1.1/STM32CubeIDE/plugins/com.st.stm32cube.ide.mcu.externaltools.gnu-tools-for-stm32.14.3.rel1.win32_1.0.100.202602081740/tools/bin/../lib/gcc/arm-none-eabi/14.3.1/../../../../arm-none-eabi/lib/thumb/v7-m/nofp\libc_nano.a(libc_a-fflush.o)
                              ./Core/Src/API.o (fflush)
C:/ST/STM32CubeIDE_2.1.1/STM32CubeIDE/plugins/com.st.stm32cube.ide.mcu.externaltools.gnu-tools-for-stm32.14.3.rel1.win32_1.0.100.202602081740/tools/bin/../lib/gcc/arm-none-eabi/14.3.1/../../../../arm-none-eabi/lib/thumb/v7-m/nofp\libc_nano.a(libc_a-fgets.o)
                              ./Core/Src/API.o (fgets)
C:/ST/STM32CubeIDE_2.1.1/STM32CubeIDE/plugins/com.st.stm32cube.ide.mcu.externaltools.gnu-tools-for-stm32.14.3.rel1.win32_1.0.100.202602081740/tools/bin/../lib/gcc/arm-none-eabi/14.3.1/../../../../arm-none-eabi/lib/thumb/v7-m/nofp\libc_nano.a(libc_a-findfp.o)
                              C:/ST/STM32CubeIDE_2.1.1/STM32CubeIDE/plugins/com.st.stm32cube.ide.mcu.externaltools.gnu-tools-for-stm32.14.3.rel1.win32_1.0.100.202602081740/tools/bin/../lib/gcc/arm-none-eabi/14.3.1/../../../../arm-none-eabi/lib/thumb/v7-m/nofp\libc_nano.a(libc_a-fflush.o) (__sglue)
C:/ST/STM32CubeIDE_2.1.1/STM32CubeIDE/plugins/com.st.stm32cube.ide.mcu.externaltools.gnu-tools-for-stm32.14.3.rel1.win32_1.0.100.202602081740/tools/bin/../lib/gcc/arm-none-eabi/14.3.1/../../../../arm-none-eabi/lib/thumb/v7-m/nofp\libc_nano.a(libc_a-fprintf.o)
                              ./Core/Src/API.o (fprintf)
C:/ST/STM32CubeIDE_2.1.1/STM32CubeIDE/plugins/com.st.stm32cube.ide.mcu.externaltools.gnu-tools-for-stm32.14.3.rel1.win32_1.0.100.202602081740/tools/bin/../lib/gcc/arm-none-eabi/14.3.1/../../../../arm-none-eabi/lib/thumb/v7-m/nofp\libc_nano.a(libc_a-fwalk.o)
                              C:/ST/STM32CubeIDE_2.1.1/STM32CubeIDE/plugins/com.st.stm32cube.ide.mcu.externaltools.gnu-tools-for-stm32.14.3.rel1.win32_1.0.100.202602081740/tools/bin/../lib/gcc/arm-none-eabi/14.3.1/../../../../arm-none-eabi/lib/thumb/v7-m/nofp\libc_nano.a(libc_a-fflush.o) (_fwalk_sglue)
C:/ST/STM32CubeIDE_2.1.1/STM32CubeIDE/plugins/com.st.stm32cube.ide.mcu.externaltools.gnu-tools-for-stm32.14.3.rel1.win32_1.0.100.202602081740/tools/bin/../lib/gcc/arm-none-eabi/14.3.1/../../../../arm-none-eabi/lib/thumb/v7-m/nofp\libc_nano.a(libc_a-printf.o)
                              ./Core/Src/API.o (printf)
C:/ST/STM32CubeIDE_2.1.1/STM32CubeIDE/plugins/com.st.stm32cube.ide.mcu.externaltools.gnu-tools-for-stm32.14.3.rel1.win32_1.0.100.202602081740/tools/bin/../lib/gcc/arm-none-eabi/14.3.1/../../../../arm-none-eabi/lib/thumb/v7-m/nofp\libc_nano.a(libc_a-puts.o)
                              ./Core/Src/API.o (puts)
C:/ST/STM32CubeIDE_2.1.1/STM32CubeIDE/plugins/com.st.stm32cube.ide.mcu.externaltools.gnu-tools-for-stm32.14.3.rel1.win32_1.0.100.202602081740/tools/bin/../lib/gcc/arm-none-eabi/14.3.1/../../../../arm-none-eabi/lib/thumb/v7-m/nofp\libc_nano.a(libc_a-refill.o)
[...]
Memory Configuration

Name             Origin             Length             Attributes
RAM              0x20000000         0x00020000         xrw
FLASH            0x08000000         0x00080000         xr
*default*        0x00000000         0xffffffff

Linker script and memory map

LOAD C:/ST/STM32CubeIDE_2.1.1/STM32CubeIDE/plugins/com.st.stm32cube.ide.mcu.externaltools.gnu-tools-for-stm32.14.3.rel1.win32_1.0.100.202602081740/tools/bin/../lib/gcc/arm-none-eabi/14.3.1/thumb/v7-m/nofp/crti.o
LOAD C:/ST/STM32CubeIDE_2.1.1/STM32CubeIDE/plugins/com.st.stm32cube.ide.mcu.externaltools.gnu-tools-for-stm32.14.3.rel1.win32_1.0.100.202602081740/tools/bin/../lib/gcc/arm-none-eabi/14.3.1/thumb/v7-m/nofp/crtbegin.o
LOAD C:/ST/STM32CubeIDE_2.1.1/STM32CubeIDE/plugins/com.st.stm32cube.ide.mcu.externaltools.gnu-tools-for-stm32.14.3.rel1.win32_1.0.100.202602081740/tools/bin/../lib/gcc/arm-none-eabi/14.3.1/../../../../arm-none-eabi/lib/thumb/v7-m/nofp/crt0.o
LOAD ./Core/Src/API.o
LOAD ./Core/Src/main.o
LOAD ./Core/Src/motors.o
LOAD ./Core/Src/sensors.o
LOAD ./Core/Src/solver.o
LOAD ./Core/Src/stm32f2xx_hal_msp.o
LOAD ./Core/Src/stm32f2xx_it.o
LOAD ./Core/Src/syscalls.o
LOAD ./Core/Src/sysmem.o
LOAD ./Core/Src/system_stm32f2xx.o
LOAD ./Core/Startup/startup_stm32f205retx.o
LOAD ./Drivers/STM32F2xx_HAL_Driver/Src/stm32f2xx_hal.o
LOAD ./Drivers/STM32F2xx_HAL_Driver/Src/stm32f2xx_hal_adc.o
LOAD ./Drivers/STM32F2xx_HAL_Driver/Src/stm32f2xx_hal_adc_ex.o
LOAD ./Drivers/STM32F2xx_HAL_Driver/Src/stm32f2xx_hal_cortex.o
LOAD ./Drivers/STM32F2xx_HAL_Driver/Src/stm32f2xx_hal_dma.o
LOAD ./Drivers/STM32F2xx_HAL_Driver/Src/stm32f2xx_hal_dma_ex.o
LOAD ./Drivers/STM32F2xx_HAL_Driver/Src/stm32f2xx_hal_exti.o
LOAD ./Drivers/STM32F2xx_HAL_Driver/Src/stm32f2xx_hal_flash.o
LOAD ./Drivers/STM32F2xx_HAL_Driver/Src/stm32f2xx_hal_flash_ex.o
LOAD ./Drivers/STM32F2xx_HAL_Driver/Src/stm32f2xx_hal_gpio.o
LOAD ./Drivers/STM32F2xx_HAL_Driver/Src/stm32f2xx_hal_i2c.o
LOAD ./Drivers/STM32F2xx_HAL_Driver/Src/stm32f2xx_hal_pwr.o
LOAD ./Drivers/STM32F2xx_HAL_Driver/Src/stm32f2xx_hal_pwr_ex.o
LOAD ./Drivers/STM32F2xx_HAL_Driver/Src/stm32f2xx_hal_rcc.o
LOAD ./Drivers/STM32F2xx_HAL_Driver/Src/stm32f2xx_hal_rcc_ex.o
LOAD ./Drivers/STM32F2xx_HAL_Driver/Src/stm32f2xx_hal_tim.o
LOAD ./Drivers/STM32F2xx_HAL_Driver/Src/stm32f2xx_hal_tim_ex.o
START GROUP
LOAD C:/ST/STM32CubeIDE_2.1.1/STM32CubeIDE/plugins/com.st.stm32cube.ide.mcu.externaltools.gnu-tools-for-stm32.14.3.rel1.win32_1.0.100.202602081740/tools/bin/../lib/gcc/arm-none-eabi/14.3.1/../../../../arm-none-eabi/lib/thumb/v7-m/nofp\libc_nano.a
LOAD C:/ST/STM32CubeIDE_2.1.1/STM32CubeIDE/plugins/com.st.stm32cube.ide.mcu.externaltools.gnu-tools-for-stm32.14.3.rel1.win32_1.0.100.202602081740/tools/bin/../lib/gcc/arm-none-eabi/14.3.1/../../../../arm-none-eabi/lib/thumb/v7-m/nofp\libm.a
END GROUP
START GROUP
LOAD C:/ST/STM32CubeIDE_2.1.1/STM32CubeIDE/plugins/com.st.stm32cube.ide.mcu.externaltools.gnu-tools-for-stm32.14.3.rel1.win32_1.0.100.202602081740/tools/bin/../lib/gcc/arm-none-eabi/14.3.1/thumb/v7-m/nofp\libgcc.a
LOAD C:/ST/STM32CubeIDE_2.1.1/STM32CubeIDE/plugins/com.st.stm32cube.ide.mcu.externaltools.gnu-tools-for-stm32.14.3.rel1.win32_1.0.100.202602081740/tools/bin/../lib/gcc/arm-none-eabi/14.3.1/../../../../arm-none-eabi/lib/thumb/v7-m/nofp\libc_nano.a
END GROUP
START GROUP
LOAD C:/ST/STM32CubeIDE_2.1.1/STM32CubeIDE/plugins/com.st.stm32cube.ide.mcu.externaltools.gnu-tools-for-stm32.14.3.rel1.win32_1.0.100.202602081740/tools/bin/../lib/gcc/arm-none-eabi/14.3.1/thumb/v7-m/nofp\libgcc.a
LOAD C:/ST/STM32CubeIDE_2.1.1/STM32CubeIDE/plugins/com.st.stm32cube.ide.mcu.externaltools.gnu-tools-for-stm32.14.3.rel1.win32_1.0.100.202602081740/tools/bin/../lib/gcc/arm-none-eabi/14.3.1/../../../../arm-none-eabi/lib/thumb/v7-m/nofp\libc_nano.a
LOAD C:/ST/STM32CubeIDE_2.1.1/STM32CubeIDE/plugins/com.st.stm32cube.ide.mcu.externaltools.gnu-tools-for-stm32.14.3.rel1.win32_1.0.100.202602081740/tools/bin/../lib/gcc/arm-none-eabi/14.3.1/../../../../arm-none-eabi/lib/thumb/v7-m/nofp\libnosys.a
END GROUP
START GROUP
LOAD C:/ST/STM32CubeIDE_2.1.1/STM32CubeIDE/plugins/com.st.stm32cube.ide.mcu.externaltools.gnu-tools-for-stm32.14.3.rel1.win32_1.0.100.202602081740/tools/bin/../lib/gcc/arm-none-eabi/14.3.1/thumb/v7-m/nofp\libgcc.a
LOAD C:/ST/STM32CubeIDE_2.1.1/STM32CubeIDE/plugins/com.st.stm32cube.ide.mcu.externaltools.gnu-tools-for-stm32.14.3.rel1.win32_1.0.100.202602081740/tools/bin/../lib/gcc/arm-none-eabi/14.3.1/../../../../arm-none-eabi/lib/thumb/v7-m/nofp\libc_nano.a
LOAD C:/ST/STM32CubeIDE_2.1.1/STM32CubeIDE/plugins/com.st.stm32cube.ide.mcu.externaltools.gnu-tools-for-stm32.14.3.rel1.win32_1.0.100.202602081740/tools/bin/../lib/gcc/arm-none-eabi/14.3.1/../../../../arm-none-eabi/lib/thumb/v7-m/nofp\libnosys.a
END GROUP
LOAD C:/ST/STM32CubeIDE_2.1.1/STM32CubeIDE/plugins/com.st.stm32cube.ide.mcu.externaltools.gnu-tools-for-stm32.14.3.rel1.win32_1.0.100.202602081740/tools/bin/../lib/gcc/arm-none-eabi/14.3.1/thumb/v7-m/nofp/crtend.o
LOAD C:/ST/STM32CubeIDE_2.1.1/STM32CubeIDE/plugins/com.st.stm32cube.ide.mcu.externaltools.gnu-tools-for-stm32.14.3.rel1.win32_1.0.100.202602081740/tools/bin/../lib/gcc/arm-none-eabi/14.3.1/thumb/v7-m/nofp/crtn.o
                0x20020000                        _estack = (ORIGIN (RAM) + LENGTH (RAM))
                0x00000200                        _Min_Heap_Size = 0x200
                0x00000400                        _Min_Stack_Size = 0x400

.isr_vector     0x08000000      0x184
                0x08000000                        . = ALIGN (0x4)
 *(.isr_vector)
 .isr_vector    0x08000000      0x184 ./Core/Startup/startup_stm32f205retx.o
                0x08000000                g_pfnVectors
                0x08000184                        . = ALIGN (0x4)

.text           0x08000184     0x3ae8
                0x08000184                        . = ALIGN (0x4)
 *(.text)
 .text          0x08000184       0x40 C:/ST/STM32CubeIDE_2.1.1/STM32CubeIDE/plugins/com.st.stm32cube.ide.mcu.externaltools.gnu-tools-for-stm32.14.3.rel1.win32_1.0.100.202602081740/tools/bin/../lib/gcc/arm-none-eabi/14.3.1/thumb/v7-m/nofp/crtbegin.o
 .text          0x080001c4       0x30 C:/ST/STM32CubeIDE_2.1.1/STM32CubeIDE/plugins/com.st.stm32cube.ide.mcu.externaltools.gnu-tools-for-stm32.14.3.rel1.win32_1.0.100.202602081740/tools/bin/../lib/gcc/arm-none-eabi/14.3.1/thumb/v7-m/nofp\libgcc.a(_aeabi_uldivmod.o)
                0x080001c4                __aeabi_uldivmod
 .text          0x080001f4      0x2f4 C:/ST/STM32CubeIDE_2.1.1/STM32CubeIDE/plugins/com.st.stm32cube.ide.mcu.externaltools.gnu-tools-for-stm32.14.3.rel1.win32_1.0.100.202602081740/tools/bin/../lib/gcc/arm-none-eabi/14.3.1/thumb/v7-m/nofp\libgcc.a(_udivmoddi4.o)
                0x080001f4                __udivmoddi4
 .text          0x080004e8        0x4 C:/ST/STM32CubeIDE_2.1.1/STM32CubeIDE/plugins/com.st.stm32cube.ide.mcu.externaltools.gnu-tools-for-stm32.14.3.rel1.win32_1.0.100.202602081740/tools/bin/../lib/gcc/arm-none-eabi/14.3.1/thumb/v7-m/nofp\libgcc.a(_dvmd_tls.o)
                0x080004e8                __aeabi_idiv0
                0x080004e8                __aeabi_ldiv0
 *(.text*)
 .text.main     0x080004ec       0x50 ./Core/Src/main.o
                0x080004ec                main
 .text.SystemClock_Config
                0x0800053c       0x8e ./Core/Src/main.o
                0x0800053c                SystemClock_Config
 *fill*         0x080005ca        0x2 
 .text.MX_ADC1_Init
                0x080005cc       0xdc ./Core/Src/main.o
 .text.MX_I2C1_Init
                0x080006a8       0x5c ./Core/Src/main.o
 .text.MX_TIM1_Init
                0x08000704       0xb0 ./Core/Src/main.o
 .text.MX_TIM2_Init
                0x080007b4       0xb0 ./Core/Src/main.o
 .text.MX_TIM3_Init
                0x08000864       0xa8 ./Core/Src/main.o
 .text.MX_TIM4_Init
                0x0800090c       0xb4 ./Core/Src/main.o
 .text.MX_TIM13_Init
                0x080009c0       0x9c ./Core/Src/main.o
 .text.MX_TIM14_Init
                0x08000a5c       0x9c ./Core/Src/main.o
 .text.MX_DMA_Init
                0x08000af8       0x40 ./Core/Src/main.o
 .text.MX_GPIO_Init
                0x08000b38      0x104 ./Core/Src/main.o
 .text.Error_Handler
                0x08000c3c        0xc ./Core/Src/main.o
                0x08000c3c                Error_Handler
 .text.Motor_Init
                0x08000c48       0x50 ./Core/Src/motors.o
                0x08000c48                Motor_Init
 .text.IR_EmittersOn
                0x08000c98       0x28 ./Core/Src/sensors.o
                0x08000c98                IR_EmittersOn
 .text.IR_EmittersOff
                0x08000cc0       0x28 ./Core/Src/sensors.o
                0x08000cc0                IR_EmittersOff
 .text.HAL_MspInit
                0x08000ce8       0x4c ./Core/Src/stm32f2xx_hal_msp.o
                0x08000ce8                HAL_MspInit
 .text.HAL_ADC_MspInit
                0x08000d34      0x128 ./Core/Src/stm32f2xx_hal_msp.o
                0x08000d34                HAL_ADC_MspInit
 .text.HAL_I2C_MspInit
                0x08000e5c       0x90 ./Core/Src/stm32f2xx_hal_msp.o
                0x08000e5c                HAL_I2C_MspInit
 .text.HAL_TIM_Encoder_MspInit
                0x08000eec      0x13c ./Core/Src/stm32f2xx_hal_msp.o
                0x08000eec                HAL_TIM_Encoder_MspInit
 .text.HAL_TIM_PWM_MspInit
                0x08001028       0x68 ./Core/Src/stm32f2xx_hal_msp.o
                0x08001028                HAL_TIM_PWM_MspInit
 .text.HAL_TIM_Base_MspInit
                0x08001090       0x6c ./Core/Src/stm32f2xx_hal_msp.o
                0x08001090                HAL_TIM_Base_MspInit
 .text.HAL_TIM_MspPostInit
                0x080010fc      0x15c ./Core/Src/stm32f2xx_hal_msp.o
                0x080010fc                HAL_TIM_MspPostInit
 .text.NMI_Handler
                0x08001258        0x8 ./Core/Src/stm32f2xx_it.o
                0x08001258                NMI_Handler
 .text.HardFault_Handler
                0x08001260        0x8 ./Core/Src/stm32f2xx_it.o
                0x08001260                HardFault_Handler
 .text.MemManage_Handler
                0x08001268        0x8 ./Core/Src/stm32f2xx_it.o
                0x08001268                MemManage_Handler
 .text.BusFault_Handler
                0x08001270        0x8 ./Core/Src/stm32f2xx_it.o
                0x08001270                BusFault_Handler
 .text.UsageFault_Handler
                0x08001278        0x8 ./Core/Src/stm32f2xx_it.o
                0x08001278                UsageFault_Handler
 .text.SVC_Handler
                0x08001280        0xc ./Core/Src/stm32f2xx_it.o
                0x08001280                SVC_Handler
 .text.DebugMon_Handler
                0x0800128c        0xc ./Core/Src/stm32f2xx_it.o
                0x0800128c                DebugMon_Handler
 .text.PendSV_Handler
                0x08001298        0xc ./Core/Src/stm32f2xx_it.o
                0x08001298                PendSV_Handler
 .text.SysTick_Handler
                0x080012a4        0xc ./Core/Src/stm32f2xx_it.o
                0x080012a4                SysTick_Handler
 .text.DMA2_Stream0_IRQHandler
                0x080012b0       0x14 ./Core/Src/stm32f2xx_it.o
                0x080012b0                DMA2_Stream0_IRQHandler
 .text.SystemInit
                0x080012c4        0xc ./Core/Src/system_stm32f2xx.o
                0x080012c4                SystemInit
 .text.Reset_Handler
                0x080012d0       0x50 ./Core/Startup/startup_stm32f205retx.o
                0x080012d0                Reset_Handler
 .text.Default_Handler
                0x08001320        0x2 ./Core/Startup/startup_stm32f205retx.o
                0x08001320                RTC_Alarm_IRQHandler
                0x08001320                HASH_RNG_IRQHandler
                0x08001320                EXTI2_IRQHandler
                0x08001320                TIM8_CC_IRQHandler
                0x08001320                TIM1_CC_IRQHandler
                0x08001320                DMA2_Stream5_IRQHandler
                0x08001320                DMA1_Stream5_IRQHandler
                0x08001320                PVD_IRQHandler
                0x08001320                SDIO_IRQHandler
                0x08001320                TAMP_STAMP_IRQHandler
                0x08001320                CAN2_RX1_IRQHandler
                0x08001320                EXTI3_IRQHandler
                0x08001320                TIM8_TRG_COM_TIM14_IRQHandler
                0x08001320                TIM1_UP_TIM10_IRQHandler
                0x08001320                TIM8_UP_TIM13_IRQHandler
                0x08001320                I2C3_ER_IRQHandler
                0x08001320                EXTI0_IRQHandler
                0x08001320                I2C2_EV_IRQHandler
                0x08001320                DMA1_Stream2_IRQHandler
                0x08001320                CAN1_RX0_IRQHandler
                0x08001320                OTG_HS_WKUP_IRQHandler
                0x08001320                CAN2_SCE_IRQHandler
                0x08001320                DMA2_Stream2_IRQHandler
                0x08001320                SPI1_IRQHandler
                0x08001320                TIM6_DAC_IRQHandler
                0x08001320                TIM1_BRK_TIM9_IRQHandler
                0x08001320                CAN2_RX0_IRQHandler
                0x08001320                DMA2_Stream3_IRQHandler
                0x08001320                USART6_IRQHandler
                0x08001320                USART3_IRQHandler
                0x08001320                CAN1_RX1_IRQHandler
                0x08001320                UART5_IRQHandler
                0x08001320                TIM4_IRQHandler
                0x08001320                I2C1_EV_IRQHandler
                0x08001320                DMA1_Stream6_IRQHandler
                0x08001320                DMA1_Stream1_IRQHandler
                0x08001320                UART4_IRQHandler
                0x08001320                TIM3_IRQHandler
                0x08001320                RCC_IRQHandler
                0x08001320                TIM8_BRK_TIM12_IRQHandler
                0x08001320                Default_Handler
                0x08001320                EXTI15_10_IRQHandler
                0x08001320                ADC_IRQHandler
                0x08001320                DMA1_Stream7_IRQHandler
                0x08001320                TIM7_IRQHandler
                0x08001320                CAN2_TX_IRQHandler
                0x08001320                TIM5_IRQHandler
                0x08001320                DMA2_Stream7_IRQHandler
                0x08001320                I2C3_EV_IRQHandler
                0x08001320                EXTI9_5_IRQHandler
                0x08001320                RTC_WKUP_IRQHandler
                0x08001320                SPI2_IRQHandler
                0x08001320                OTG_HS_EP1_IN_IRQHandler
                0x08001320                DMA1_Stream0_IRQHandler
                0x08001320                CAN1_TX_IRQHandler
                0x08001320                EXTI4_IRQHandler
                0x08001320                FSMC_IRQHandler
                0x08001320                OTG_HS_EP1_OUT_IRQHandler
                0x08001320                WWDG_IRQHandler
                0x08001320                TIM2_IRQHandler
                0x08001320                OTG_FS_WKUP_IRQHandler
                0x08001320                TIM1_TRG_COM_TIM11_IRQHandler
                0x08001320                OTG_HS_IRQHandler
                0x08001320                EXTI1_IRQHandler
                0x08001320                USART2_IRQHandler
                0x08001320                I2C2_ER_IRQHandler
                0x08001320                DMA2_Stream1_IRQHandler
                0x08001320                CAN1_SCE_IRQHandler
                0x08001320                FLASH_IRQHandler
                0x08001320                DMA2_Stream4_IRQHandler
                0x08001320                USART1_IRQHandler
                0x08001320                OTG_FS_IRQHandler
                0x08001320                SPI3_IRQHandler
                0x08001320                DMA1_Stream4_IRQHandler
                0x08001320                I2C1_ER_IRQHandler
                0x08001320                DMA2_Stream6_IRQHandler
                0x08001320                DMA1_Stream3_IRQHandler
 *fill*         0x08001322        0x2 
 .text.HAL_Init
                0x08001324       0x44 ./Drivers/STM32F2xx_HAL_Driver/Src/stm32f2xx_hal.o
                0x08001324                HAL_Init
 .text.HAL_InitTick
                0x08001368       0x60 ./Drivers/STM32F2xx_HAL_Driver/Src/stm32f2xx_hal.o
                0x08001368                HAL_InitTick
 .text.HAL_IncTick
                0x080013c8       0x24 ./Drivers/STM32F2xx_HAL_Driver/Src/stm32f2xx_hal.o
                0x080013c8                HAL_IncTick
 .text.HAL_GetTick
                0x080013ec       0x14 ./Drivers/STM32F2xx_HAL_Driver/Src/stm32f2xx_hal.o
                0x080013ec                HAL_GetTick
 .text.HAL_Delay
                0x08001400       0x48 ./Drivers/STM32F2xx_HAL_Driver/Src/stm32f2xx_hal.o
                0x08001400                HAL_Delay
 .text.HAL_ADC_Init
                0x08001448       0x86 ./Drivers/STM32F2xx_HAL_Driver/Src/stm32f2xx_hal_adc.o
                0x08001448                HAL_ADC_Init
 *fill*         0x080014ce        0x2 
 .text.HAL_ADC_ConfigChannel
                0x080014d0      0x240 ./Drivers/STM32F2xx_HAL_Driver/Src/stm32f2xx_hal_adc.o
                0x080014d0                HAL_ADC_ConfigChannel
 .text.ADC_Init
                0x08001710      0x20c ./Drivers/STM32F2xx_HAL_Driver/Src/stm32f2xx_hal_adc.o
 .text.__NVIC_SetPriorityGrouping
                0x0800191c       0x48 ./Drivers/STM32F2xx_HAL_Driver/Src/stm32f2xx_hal_cortex.o
 .text.__NVIC_GetPriorityGrouping
                0x08001964       0x1c ./Drivers/STM32F2xx_HAL_Driver/Src/stm32f2xx_hal_cortex.o
 .text.__NVIC_EnableIRQ
                0x08001980       0x38 ./Drivers/STM32F2xx_HAL_Driver/Src/stm32f2xx_hal_cortex.o
 .text.__NVIC_SetPriority
                0x080019b8       0x54 ./Drivers/STM32F2xx_HAL_Driver/Src/stm32f2xx_hal_cortex.o
 .text.NVIC_EncodePriority
                0x08001a0c       0x64 ./Drivers/STM32F2xx_HAL_Driver/Src/stm32f2xx_hal_cortex.o
 .text.SysTick_Config
                0x08001a70       0x44 ./Drivers/STM32F2xx_HAL_Driver/Src/stm32f2xx_hal_cortex.o
 .text.HAL_NVIC_SetPriorityGrouping
                0x08001ab4       0x16 ./Drivers/STM32F2xx_HAL_Driver/Src/stm32f2xx_hal_cortex.o
                0x08001ab4                HAL_NVIC_SetPriorityGrouping
 .text.HAL_NVIC_SetPriority
                0x08001aca       0x38 ./Drivers/STM32F2xx_HAL_Driver/Src/stm32f2xx_hal_cortex.o
                0x08001aca                HAL_NVIC_SetPriority
 .text.HAL_NVIC_EnableIRQ
                0x08001b02       0x1c ./Drivers/STM32F2xx_HAL_Driver/Src/stm32f2xx_hal_cortex.o
                0x08001b02                HAL_NVIC_EnableIRQ
 .text.HAL_SYSTICK_Config
                0x08001b1e       0x18 ./Drivers/STM32F2xx_HAL_Driver/Src/stm32f2xx_hal_cortex.o
                0x08001b1e                HAL_SYSTICK_Config
 *fill*         0x08001b36        0x2 
 .text.HAL_DMA_Init
                0x08001b38      0x15c ./Drivers/STM32F2xx_HAL_Driver/Src/stm32f2xx_hal_dma.o
                0x08001b38                HAL_DMA_Init
 .text.HAL_DMA_IRQHandler
                0x08001c94      0x314 ./Drivers/STM32F2xx_HAL_Driver/Src/stm32f2xx_hal_dma.o
                0x08001c94                HAL_DMA_IRQHandler
 .text.DMA_CalcBaseAndBitshift
                0x08001fa8       0x68 ./Drivers/STM32F2xx_HAL_Driver/Src/stm32f2xx_hal_dma.o
 .text.DMA_CheckFifoParam
                0x08002010       0xf4 ./Drivers/STM32F2xx_HAL_Driver/Src/stm32f2xx_hal_dma.o
 .text.HAL_GPIO_Init
                0x08002104      0x33c ./Drivers/STM32F2xx_HAL_Driver/Src/stm32f2xx_hal_gpio.o
                0x08002104                HAL_GPIO_Init
 .text.HAL_GPIO_WritePin
                0x08002440       0x30 ./Drivers/STM32F2xx_HAL_Driver/Src/stm32f2xx_hal_gpio.o
                0x08002440                HAL_GPIO_WritePin
 .text.HAL_I2C_Init
                0x08002470      0x288 ./Drivers/STM32F2xx_HAL_Driver/Src/stm32f2xx_hal_i2c.o
                0x08002470                HAL_I2C_Init
 .text.HAL_RCC_OscConfig
                0x080026f8      0x4a8 ./Drivers/STM32F2xx_HAL_Driver/Src/stm32f2xx_hal_rcc.o
                0x080026f8                HAL_RCC_OscConfig
 .text.HAL_RCC_ClockConfig
                0x08002ba0      0x1d8 ./Drivers/STM32F2xx_HAL_Driver/Src/stm32f2xx_hal_rcc.o
                0x08002ba0                HAL_RCC_ClockConfig
 .text.HAL_RCC_GetSysClockFreq
                0x08002d78      0x18c ./Drivers/STM32F2xx_HAL_Driver/Src/stm32f2xx_hal_rcc.o
                0x08002d78                HAL_RCC_GetSysClockFreq
 .text.HAL_RCC_GetHCLKFreq
                0x08002f04       0x14 ./Drivers/STM32F2xx_HAL_Driver/Src/stm32f2xx_hal_rcc.o
                0x08002f04                HAL_RCC_GetHCLKFreq
 .text.HAL_RCC_GetPCLK1Freq
                0x08002f18       0x44 ./Drivers/STM32F2xx_HAL_Driver/Src/stm32f2xx_hal_rcc.o
                0x08002f18                HAL_RCC_GetPCLK1Freq
 .text.HAL_TIM_Base_Init
                0x08002f5c       0x9e ./Drivers/STM32F2xx_HAL_Driver/Src/stm32f2xx_hal_tim.o
                0x08002f5c                HAL_TIM_Base_Init
 .text.HAL_TIM_PWM_Init
                0x08002ffa       0x9e ./Drivers/STM32F2xx_HAL_Driver/Src/stm32f2xx_hal_tim.o
                0x08002ffa                HAL_TIM_PWM_Init
 .text.HAL_TIM_PWM_Start
                0x08003098      0x190 ./Drivers/STM32F2xx_HAL_Driver/Src/stm32f2xx_hal_tim.o
                0x08003098                HAL_TIM_PWM_Start
 .text.HAL_TIM_Encoder_Init
                0x08003228      0x14c ./Drivers/STM32F2xx_HAL_Driver/Src/stm32f2xx_hal_tim.o
                0x08003228                HAL_TIM_Encoder_Init
 .text.HAL_TIM_Encoder_Start
                0x08003374      0x11c ./Drivers/STM32F2xx_HAL_Driver/Src/stm32f2xx_hal_tim.o
                0x08003374                HAL_TIM_Encoder_Start
 .text.HAL_TIM_PWM_ConfigChannel
                0x08003490      0x184 ./Drivers/STM32F2xx_HAL_Driver/Src/stm32f2xx_hal_tim.o
                0x08003490                HAL_TIM_PWM_ConfigChannel
 .text.TIM_Base_SetConfig
                0x08003614      0x154 ./Drivers/STM32F2xx_HAL_Driver/Src/stm32f2xx_hal_tim.o
                0x08003614                TIM_Base_SetConfig
 .text.TIM_OC1_SetConfig
                0x08003768       0xe0 ./Drivers/STM32F2xx_HAL_Driver/Src/stm32f2xx_hal_tim.o
 .text.TIM_OC2_SetConfig
                0x08003848       0xe8 ./Drivers/STM32F2xx_HAL_Driver/Src/stm32f2xx_hal_tim.o
                0x08003848                TIM_OC2_SetConfig
 .text.TIM_OC3_SetConfig
                0x08003930       0xe8 ./Drivers/STM32F2xx_HAL_Driver/Src/stm32f2xx_hal_tim.o
 .text.TIM_OC4_SetConfig
                0x08003a18       0xa8 ./Drivers/STM32F2xx_HAL_Driver/Src/stm32f2xx_hal_tim.o
 .text.TIM_CCxChannelCmd
                0x08003ac0       0x48 ./Drivers/STM32F2xx_HAL_Driver/Src/stm32f2xx_hal_tim.o
                0x08003ac0                TIM_CCxChannelCmd
 .text.HAL_TIMEx_MasterConfigSynchronization
                0x08003b08       0xf4 ./Drivers/STM32F2xx_HAL_Driver/Src/stm32f2xx_hal_tim_ex.o
                0x08003b08                HAL_TIMEx_MasterConfigSynchronization
 .text.memset   0x08003bfc       0x10 C:/ST/STM32CubeIDE_2.1.1/STM32CubeIDE/plugins/com.st.stm32cube.ide.mcu.externaltools.gnu-tools-for-stm32.14.3.rel1.win32_1.0.100.202602081740/tools/bin/../lib/gcc/arm-none-eabi/14.3.1/../../../../arm-none-eabi/lib/thumb/v7-m/nofp\libc_nano.a(libc_a-memset.o)
                0x08003bfc                memset
 .text.__libc_init_array
                0x08003c0c       0x48 C:/ST/STM32CubeIDE_2.1.1/STM32CubeIDE/plugins/com.st.stm32cube.ide.mcu.externaltools.gnu-tools-for-stm32.14.3.rel1.win32_1.0.100.202602081740/tools/bin/../lib/gcc/arm-none-eabi/14.3.1/../../../../arm-none-eabi/lib/thumb/v7-m/nofp\libc_nano.a(libc_a-init.o)
                0x08003c0c                __libc_init_array
 *(.glue_7)
 .glue_7        0x08003c54        0x0 linker stubs
 *(.glue_7t)
 .glue_7t       0x08003c54        0x0 linker stubs
 *(.eh_frame)
 .eh_frame      0x08003c54        0x0 C:/ST/STM32CubeIDE_2.1.1/STM32CubeIDE/plugins/com.st.stm32cube.ide.mcu.externaltools.gnu-tools-for-stm32.14.3.rel1.win32_1.0.100.202602081740/tools/bin/../lib/gcc/arm-none-eabi/14.3.1/thumb/v7-m/nofp/crtbegin.o
 *(.init)
 .init          0x08003c54        0x4 C:/ST/STM32CubeIDE_2.1.1/STM32CubeIDE/plugins/com.st.stm32cube.ide.mcu.externaltools.gnu-tools-for-stm32.14.3.rel1.win32_1.0.100.202602081740/tools/bin/../lib/gcc/arm-none-eabi/14.3.1/thumb/v7-m/nofp/crti.o
                0x08003c54                _init
 .init          0x08003c58        0x8 C:/ST/STM32CubeIDE_2.1.1/STM32CubeIDE/plugins/com.st.stm32cube.ide.mcu.externaltools.gnu-tools-for-stm32.14.3.rel1.win32_1.0.100.202602081740/tools/bin/../lib/gcc/arm-none-eabi/14.3.1/thumb/v7-m/nofp/crtn.o
 *(.fini)
 .fini          0x08003c60        0x4 C:/ST/STM32CubeIDE_2.1.1/STM32CubeIDE/plugins/com.st.stm32cube.ide.mcu.externaltools.gnu-tools-for-stm32.14.3.rel1.win32_1.0.100.202602081740/tools/bin/../lib/gcc/arm-none-eabi/14.3.1/thumb/v7-m/nofp/crti.o
                0x08003c60                _fini
 .fini          0x08003c64        0x8 C:/ST/STM32CubeIDE_2.1.1/STM32CubeIDE/plugins/com.st.stm32cube.ide.mcu.externaltools.gnu-tools-for-stm32.14.3.rel1.win32_1.0.100.202602081740/tools/bin/../lib/gcc/arm-none-eabi/14.3.1/thumb/v7-m/nofp/crtn.o
                0x08003c6c                        . = ALIGN (0x4)
                0x08003c6c                        _etext = .

.vfp11_veneer   0x08003c6c        0x0
 .vfp11_veneer  0x08003c6c        0x0 linker stubs

.v4_bx          0x08003c6c        0x0
 .v4_bx         0x08003c6c        0x0 linker stubs

.iplt           0x08003c6c        0x0
 .iplt          0x08003c6c        0x0 C:/ST/STM32CubeIDE_2.1.1/STM32CubeIDE/plugins/com.st.stm32cube.ide.mcu.externaltools.gnu-tools-for-stm32.14.3.rel1.win32_1.0.100.202602081740/tools/bin/../lib/gcc/arm-none-eabi/14.3.1/thumb/v7-m/nofp/crtbegin.o

.rodata         0x08003c6c       0x20
                0x08003c6c                        . = ALIGN (0x4)
 *(.rodata)
 *(.rodata*)
 .rodata.AHBPrescTable
                0x08003c6c       0x10 ./Core/Src/system_stm32f2xx.o
                0x08003c6c                AHBPrescTable
 .rodata.APBPrescTable
                0x08003c7c        0x8 ./Core/Src/system_stm32f2xx.o
                0x08003c7c                APBPrescTable
 .rodata.flagBitshiftOffset.0
                0x08003c84        0x8 ./Drivers/STM32F2xx_HAL_Driver/Src/stm32f2xx_hal_dma.o
                0x08003c8c                        . = ALIGN (0x4)

.ARM.extab      0x08003c8c        0x0
                0x08003c8c                        . = ALIGN (0x4)
 *(.ARM.extab* .gnu.linkonce.armextab.*)
                0x08003c8c                        . = ALIGN (0x4)

.ARM            0x08003c8c        0x8
                0x08003c8c                        . = ALIGN (0x4)
                0x08003c8c                        __exidx_start = .
 *(.ARM.exidx*)
 .ARM.exidx     0x08003c8c        0x8 C:/ST/STM32CubeIDE_2.1.1/STM32CubeIDE/plugins/com.st.stm32cube.ide.mcu.externaltools.gnu-tools-for-stm32.14.3.rel1.win32_1.0.100.202602081740/tools/bin/../lib/gcc/arm-none-eabi/14.3.1/thumb/v7-m/nofp\libgcc.a(_udivmoddi4.o)
                0x08003c94                        __exidx_end = .
                0x08003c94                        . = ALIGN (0x4)

.preinit_array  0x08003c94        0x0
                0x08003c94                        . = ALIGN (0x4)
                0x08003c94                        PROVIDE (__preinit_array_start = .)
 *(.preinit_array*)
                0x08003c94                        PROVIDE (__preinit_array_end = .)
                0x08003c94                        . = ALIGN (0x4)

.init_array     0x08003c94        0x4
                0x08003c94                        . = ALIGN (0x4)
                0x08003c94                        PROVIDE (__init_array_start = .)
 *(SORT_BY_NAME(.init_array.*))
 *(.init_array*)
 .init_array    0x08003c94        0x4 C:/ST/STM32CubeIDE_2.1.1/STM32CubeIDE/plugins/com.st.stm32cube.ide.mcu.externaltools.gnu-tools-for-stm32.14.3.rel1.win32_1.0.100.202602081740/tools/bin/../lib/gcc/arm-none-eabi/14.3.1/thumb/v7-m/nofp/crtbegin.o
                0x08003c98                        PROVIDE (__init_array_end = .)
                0x08003c98                        . = ALIGN (0x4)

.fini_array     0x08003c98        0x4
                0x08003c98                        . = ALIGN (0x4)
                [!provide]                        PROVIDE (__fini_array_start = .)
 *(SORT_BY_NAME(.fini_array.*))
 *(.fini_array*)
 .fini_array    0x08003c98        0x4 C:/ST/STM32CubeIDE_2.1.1/STM32CubeIDE/plugins/com.st.stm32cube.ide.mcu.externaltools.gnu-tools-for-stm32.14.3.rel1.win32_1.0.100.202602081740/tools/bin/../lib/gcc/arm-none-eabi/14.3.1/thumb/v7-m/nofp/crtbegin.o
                [!provide]                        PROVIDE (__fini_array_end = .)
                0x08003c9c                        . = ALIGN (0x4)
                0x08003c9c                        _sidata = LOADADDR (.data)

.rel.dyn        0x08003c9c        0x0
 .rel.iplt      0x08003c9c        0x0 C:/ST/STM32CubeIDE_2.1.1/STM32CubeIDE/plugins/com.st.stm32cube.ide.mcu.externaltools.gnu-tools-for-stm32.14.3.rel1.win32_1.0.100.202602081740/tools/bin/../lib/gcc/arm-none-eabi/14.3.1/thumb/v7-m/nofp/crtbegin.o

.data           0x20000000        0xc load address 0x08003c9c
                0x20000000                        . = ALIGN (0x4)
                0x20000000                        _sdata = .
 *(.data)
 *(.data*)
 .data.SystemCoreClock
                0x20000000        0x4 ./Core/Src/system_stm32f2xx.o
                0x20000000                SystemCoreClock
 .data.uwTickPrio
                0x20000004        0x4 ./Drivers/STM32F2xx_HAL_Driver/Src/stm32f2xx_hal.o
                0x20000004                uwTickPrio
 .data.uwTickFreq
                0x20000008        0x1 ./Drivers/STM32F2xx_HAL_Driver/Src/stm32f2xx_hal.o
                0x20000008                uwTickFreq
 *(.RamFunc)
 *(.RamFunc*)
                0x2000000c                        . = ALIGN (0x4)
 *fill*         0x20000009        0x3 
                0x2000000c                        _edata = .

.igot.plt       0x2000000c        0x0 load address 0x08003ca8
 .igot.plt      0x2000000c        0x0 C:/ST/STM32CubeIDE_2.1.1/STM32CubeIDE/plugins/com.st.stm32cube.ide.mcu.externaltools.gnu-tools-for-stm32.14.3.rel1.win32_1.0.100.202602081740/tools/bin/../lib/gcc/arm-none-eabi/14.3.1/thumb/v7-m/nofp/crtbegin.o
                0x2000000c                        . = ALIGN (0x4)

.bss            0x2000000c      0x2cc load address 0x08003ca8
                0x2000000c                        _sbss = .
                0x2000000c                        __bss_start__ = _sbss
 *(.bss)
 .bss           0x2000000c       0x1c C:/ST/STM32CubeIDE_2.1.1/STM32CubeIDE/plugins/com.st.stm32cube.ide.mcu.externaltools.gnu-tools-for-stm32.14.3.rel1.win32_1.0.100.202602081740/tools/bin/../lib/gcc/arm-none-eabi/14.3.1/thumb/v7-m/nofp/crtbegin.o
 *(.bss*)
 .bss.hadc1     0x20000028       0x48 ./Core/Src/main.o
                0x20000028                hadc1
 .bss.hdma_adc1
                0x20000070       0x60 ./Core/Src/main.o
                0x20000070                hdma_adc1
 .bss.hi2c1     0x200000d0       0x54 ./Core/Src/main.o
                0x200000d0                hi2c1
 .bss.htim1     0x20000124       0x48 ./Core/Src/main.o
                0x20000124                htim1
 .bss.htim2     0x2000016c       0x48 ./Core/Src/main.o
                0x2000016c                htim2
 .bss.htim3     0x200001b4       0x48 ./Core/Src/main.o
                0x200001b4                htim3
 .bss.htim4     0x200001fc       0x48 ./Core/Src/main.o
                0x200001fc                htim4
 .bss.htim13    0x20000244       0x48 ./Core/Src/main.o
                0x20000244                htim13
 .bss.htim14    0x2000028c       0x48 ./Core/Src/main.o
                0x2000028c                htim14
 .bss.uwTick    0x200002d4        0x4 ./Drivers/STM32F2xx_HAL_Driver/Src/stm32f2xx_hal.o
                0x200002d4                uwTick
 *(COMMON)
                0x200002d8                        . = ALIGN (0x4)
                0x200002d8                        _ebss = .
                0x200002d8                        __bss_end__ = _ebss

._user_heap_stack
                0x200002d8      0x600 load address 0x08003ca8
                0x200002d8                        . = ALIGN (0x8)
                [!provide]                        PROVIDE (end = .)
                0x200002d8                        PROVIDE (_end = .)
                0x200004d8                        . = (. + _Min_Heap_Size)
 *fill*         0x200002d8      0x200 
                0x200008d8                        . = (. + _Min_Stack_Size)
 *fill*         0x200004d8      0x400 
                0x200008d8                        . = ALIGN (0x8)

/DISCARD/
 libc.a(*)
 libm.a(*)
 libgcc.a(*)

.ARM.attributes
                0x00000000       0x29
 *(.ARM.attributes)
 .ARM.attributes
                0x00000000       0x1d C:/ST/STM32CubeIDE_2.1.1/STM32CubeIDE/plugins/com.st.stm32cube.ide.mcu.externaltools.gnu-tools-for-stm32.14.3.rel1.win32_1.0.100.202602081740/tools/bin/../lib/gcc/arm-none-eabi/14.3.1/thumb/v7-m/nofp/crti.o
 .ARM.attributes
                0x0000001d       0x2d C:/ST/STM32CubeIDE_2.1.1/STM32CubeIDE/plugins/com.st.stm32cube.ide.mcu.externaltools.gnu-tools-for-stm32.14.3.rel1.win32_1.0.100.202602081740/tools/bin/../lib/gcc/arm-none-eabi/14.3.1/thumb/v7-m/nofp/crtbegin.o
 .ARM.attributes
                0x0000004a       0x2d ./Core/Src/main.o
 .ARM.attributes
                0x00000077       0x2d ./Core/Src/motors.o
 .ARM.attributes
                0x000000a4       0x2d ./Core/Src/sensors.o
 .ARM.attributes
                0x000000d1       0x2d ./Core/Src/stm32f2xx_hal_msp.o
 .ARM.attributes
                0x000000fe       0x2d ./Core/Src/stm32f2xx_it.o
 .ARM.attributes
                0x0000012b       0x2d ./Core/Src/system_stm32f2xx.o
 .ARM.attributes
                0x00000158       0x21 ./Core/Startup/startup_stm32f205retx.o
 .ARM.attributes
                0x00000179       0x2d ./Drivers/STM32F2xx_HAL_Driver/Src/stm32f2xx_hal.o
 .ARM.attributes
                0x000001a6       0x2d ./Drivers/STM32F2xx_HAL_Driver/Src/stm32f2xx_hal_adc.o
 .ARM.attributes
                0x000001d3       0x2d ./Drivers/STM32F2xx_HAL_Driver/Src/stm32f2xx_hal_cortex.o
 .ARM.attributes
                0x00000200       0x2d ./Drivers/STM32F2xx_HAL_Driver/Src/stm32f2xx_hal_dma.o
 .ARM.attributes
                0x0000022d       0x2d ./Drivers/STM32F2xx_HAL_Driver/Src/stm32f2xx_hal_gpio.o
 .ARM.attributes
                0x0000025a       0x2d ./Drivers/STM32F2xx_HAL_Driver/Src/stm32f2xx_hal_i2c.o
 .ARM.attributes
                0x00000287       0x2d ./Drivers/STM32F2xx_HAL_Driver/Src/stm32f2xx_hal_rcc.o
 .ARM.attributes
                0x000002b4       0x2d ./Drivers/STM32F2xx_HAL_Driver/Src/stm32f2xx_hal_tim.o
 .ARM.attributes
                0x000002e1       0x2d ./Drivers/STM32F2xx_HAL_Driver/Src/stm32f2xx_hal_tim_ex.o
 .ARM.attributes
                0x0000030e       0x2d C:/ST/STM32CubeIDE_2.1.1/STM32CubeIDE/plugins/com.st.stm32cube.ide.mcu.externaltools.gnu-tools-for-stm32.14.3.rel1.win32_1.0.100.202602081740/tools/bin/../lib/gcc/arm-none-eabi/14.3.1/../../../../arm-none-eabi/lib/thumb/v7-m/nofp\libc_nano.a(libc_a-memset.o)
 .ARM.attributes
                0x0000033b       0x2d C:/ST/STM32CubeIDE_2.1.1/STM32CubeIDE/plugins/com.st.stm32cube.ide.mcu.externaltools.gnu-tools-for-stm32.14.3.rel1.win32_1.0.100.202602081740/tools/bin/../lib/gcc/arm-none-eabi/14.3.1/../../../../arm-none-eabi/lib/thumb/v7-m/nofp\libc_nano.a(libc_a-init.o)
 .ARM.attributes
                0x00000368       0x1d C:/ST/STM32CubeIDE_2.1.1/STM32CubeIDE/plugins/com.st.stm32cube.ide.mcu.externaltools.gnu-tools-for-stm32.14.3.rel1.win32_1.0.100.202602081740/tools/bin/../lib/gcc/arm-none-eabi/14.3.1/thumb/v7-m/nofp\libgcc.a(_aeabi_uldivmod.o)
 .ARM.attributes
                0x00000385       0x2d C:/ST/STM32CubeIDE_2.1.1/STM32CubeIDE/plugins/com.st.stm32cube.ide.mcu.externaltools.gnu-tools-for-stm32.14.3.rel1.win32_1.0.100.202602081740/tools/bin/../lib/gcc/arm-none-eabi/14.3.1/thumb/v7-m/nofp\libgcc.a(_udivmoddi4.o)
 .ARM.attributes
                0x000003b2       0x1d C:/ST/STM32CubeIDE_2.1.1/STM32CubeIDE/plugins/com.st.stm32cube.ide.mcu.externaltools.gnu-tools-for-stm32.14.3.rel1.win32_1.0.100.202602081740/tools/bin/../lib/gcc/arm-none-eabi/14.3.1/thumb/v7-m/nofp\libgcc.a(_dvmd_tls.o)
 .ARM.attributes
                0x000003cf       0x1d C:/ST/STM32CubeIDE_2.1.1/STM32CubeIDE/plugins/com.st.stm32cube.ide.mcu.externaltools.gnu-tools-for-stm32.14.3.rel1.win32_1.0.100.202602081740/tools/bin/../lib/gcc/arm-none-eabi/14.3.1/thumb/v7-m/nofp/crtn.o
OUTPUT(mm_src.elf elf32-littlearm)
LOAD linker stubs
LOAD C:/ST/STM32CubeIDE_2.1.1/STM32CubeIDE/plugins/com.st.stm32cube.ide.mcu.externaltools.gnu-tools-for-stm32.14.3.rel1.win32_1.0.100.202602081740/tools/bin/../lib/gcc/arm-none-eabi/14.3.1/../../../../arm-none-eabi/lib/thumb/v7-m/nofp\libc.a
LOAD C:/ST/STM32CubeIDE_2.1.1/STM32CubeIDE/plugins/com.st.stm32cube.ide.mcu.externaltools.gnu-tools-for-stm32.14.3.rel1.win32_1.0.100.202602081740/tools/bin/../lib/gcc/arm-none-eabi/14.3.1/../../../../arm-none-eabi/lib/thumb/v7-m/nofp\libm.a
LOAD C:/ST/STM32CubeIDE_2.1.1/STM32CubeIDE/plugins/com.st.stm32cube.ide.mcu.externaltools.gnu-tools-for-stm32.14.3.rel1.win32_1.0.100.202602081740/tools/bin/../lib/gcc/arm-none-eabi/14.3.1/thumb/v7-m/nofp\libgcc.a

.debug_info     0x00000000     0xdd49
 .debug_info    0x00000000     0x187a ./Core/Src/main.o
 .debug_info    0x0000187a      0x851 ./Core/Src/motors.o
 .debug_info    0x000020cb      0x2bd ./Core/Src/sensors.o
 .debug_info    0x00002388     0x12a6 ./Core/Src/stm32f2xx_hal_msp.o
 .debug_info    0x0000362e      0x3a9 ./Core/Src/stm32f2xx_it.o
 .debug_info    0x000039d7      0x31f ./Core/Src/system_stm32f2xx.o
 .debug_info    0x00003cf6       0x30 ./Core/Startup/startup_stm32f205retx.o
 .debug_info    0x00003d26      0x9b1 ./Drivers/STM32F2xx_HAL_Driver/Src/stm32f2xx_hal.o
 .debug_info    0x000046d7      0xcd0 ./Drivers/STM32F2xx_HAL_Driver/Src/stm32f2xx_hal_adc.o
 .debug_info    0x000053a7      0xd69 ./Drivers/STM32F2xx_HAL_Driver/Src/stm32f2xx_hal_cortex.o
 .debug_info    0x00006110      0x8e7 ./Drivers/STM32F2xx_HAL_Driver/Src/stm32f2xx_hal_dma.o
 .debug_info    0x000069f7      0x68e ./Drivers/STM32F2xx_HAL_Driver/Src/stm32f2xx_hal_gpio.o
 .debug_info    0x00007085     0x2415 ./Drivers/STM32F2xx_HAL_Driver/Src/stm32f2xx_hal_i2c.o
 .debug_info    0x0000949a      0xa39 ./Drivers/STM32F2xx_HAL_Driver/Src/stm32f2xx_hal_rcc.o
 .debug_info    0x00009ed3     0x299b ./Drivers/STM32F2xx_HAL_Driver/Src/stm32f2xx_hal_tim.o
 .debug_info    0x0000c86e     0x14db ./Drivers/STM32F2xx_HAL_Driver/Src/stm32f2xx_hal_tim_ex.o

.debug_abbrev   0x00000000     0x2266
 .debug_abbrev  0x00000000      0x2ce ./Core/Src/main.o
 .debug_abbrev  0x000002ce      0x227 ./Core/Src/motors.o
 .debug_abbrev  0x000004f5      0x183 ./Core/Src/sensors.o
 .debug_abbrev  0x00000678      0x254 ./Core/Src/stm32f2xx_hal_msp.o
 .debug_abbrev  0x000008cc      0x169 ./Core/Src/stm32f2xx_it.o
 .debug_abbrev  0x00000a35      0x11c ./Core/Src/system_stm32f2xx.o
 .debug_abbrev  0x00000b51       0x24 ./Core/Startup/startup_stm32f205retx.o
 .debug_abbrev  0x00000b75      0x286 ./Drivers/STM32F2xx_HAL_Driver/Src/stm32f2xx_hal.o
 .debug_abbrev  0x00000dfb      0x28b ./Drivers/STM32F2xx_HAL_Driver/Src/stm32f2xx_hal_adc.o
 .debug_abbrev  0x00001086      0x31c ./Drivers/STM32F2xx_HAL_Driver/Src/stm32f2xx_hal_cortex.o
 .debug_abbrev  0x000013a2      0x264 ./Drivers/STM32F2xx_HAL_Driver/Src/stm32f2xx_hal_dma.o
 .debug_abbrev  0x00001606      0x1cb ./Drivers/STM32F2xx_HAL_Driver/Src/stm32f2xx_hal_gpio.o
 .debug_abbrev  0x000017d1      0x2ad ./Drivers/STM32F2xx_HAL_Driver/Src/stm32f2xx_hal_i2c.o
 .debug_abbrev  0x00001a7e      0x2d6 ./Drivers/STM32F2xx_HAL_Driver/Src/stm32f2xx_hal_rcc.o
 .debug_abbrev  0x00001d54      0x28f ./Drivers/STM32F2xx_HAL_Driver/Src/stm32f2xx_hal_tim.o
 .debug_abbrev  0x00001fe3      0x283 ./Drivers/STM32F2xx_HAL_Driver/Src/stm32f2xx_hal_tim_ex.o

.debug_aranges  0x00000000      0xe88
 .debug_aranges
                0x00000000       0x80 ./Core/Src/main.o
 .debug_aranges
                0x00000080       0x48 ./Core/Src/motors.o
 .debug_aranges
                0x000000c8       0x40 ./Core/Src/sensors.o
 .debug_aranges
                0x00000108       0x78 ./Core/Src/stm32f2xx_hal_msp.o
 .debug_aranges
                0x00000180       0x68 ./Core/Src/stm32f2xx_it.o
 .debug_aranges
                0x000001e8       0x28 ./Core/Src/system_stm32f2xx.o
 .debug_aranges
                0x00000210       0x28 ./Core/Startup/startup_stm32f205retx.o
 .debug_aranges
                0x00000238       0xf0 ./Drivers/STM32F2xx_HAL_Driver/Src/stm32f2xx_hal.o
 .debug_aranges
                0x00000328       0xe8 ./Drivers/STM32F2xx_HAL_Driver/Src/stm32f2xx_hal_adc.o
 .debug_aranges
                0x00000410      0x128 ./Drivers/STM32F2xx_HAL_Driver/Src/stm32f2xx_hal_cortex.o
 .debug_aranges
                0x00000538       0x90 ./Drivers/STM32F2xx_HAL_Driver/Src/stm32f2xx_hal_dma.o
 .debug_aranges
                0x000005c8       0x58 ./Drivers/STM32F2xx_HAL_Driver/Src/stm32f2xx_hal_gpio.o
 .debug_aranges
                0x00000620      0x2a8 ./Drivers/STM32F2xx_HAL_Driver/Src/stm32f2xx_hal_i2c.o
 .debug_aranges
                0x000008c8       0x88 ./Drivers/STM32F2xx_HAL_Driver/Src/stm32f2xx_hal_rcc.o
 .debug_aranges
                0x00000950      0x3d0 ./Drivers/STM32F2xx_HAL_Driver/Src/stm32f2xx_hal_tim.o
 .debug_aranges
                0x00000d20      0x168 ./Drivers/STM32F2xx_HAL_Driver/Src/stm32f2xx_hal_tim_ex.o

.debug_rnglists
                0x00000000      0xb65
 .debug_rnglists
                0x00000000       0x64 ./Core/Src/main.o
 .debug_rnglists
                0x00000064       0x33 ./Core/Src/motors.o
 .debug_rnglists
                0x00000097       0x2b ./Core/Src/sensors.o
 .debug_rnglists
                0x000000c2       0x59 ./Core/Src/stm32f2xx_hal_msp.o
 .debug_rnglists
                0x0000011b       0x49 ./Core/Src/stm32f2xx_it.o
 .debug_rnglists
                0x00000164       0x1a ./Core/Src/system_stm32f2xx.o
 .debug_rnglists
                0x0000017e       0x19 ./Core/Startup/startup_stm32f205retx.o
 .debug_rnglists
                0x00000197       0xaf ./Drivers/STM32F2xx_HAL_Driver/Src/stm32f2xx_hal.o
 .debug_rnglists
                0x00000246       0xb5 ./Drivers/STM32F2xx_HAL_Driver/Src/stm32f2xx_hal_adc.o
 .debug_rnglists
                0x000002fb       0xd9 ./Drivers/STM32F2xx_HAL_Driver/Src/stm32f2xx_hal_cortex.o
 .debug_rnglists
                0x000003d4       0x70 ./Drivers/STM32F2xx_HAL_Driver/Src/stm32f2xx_hal_dma.o
 .debug_rnglists
                0x00000444       0x3f ./Drivers/STM32F2xx_HAL_Driver/Src/stm32f2xx_hal_gpio.o
 .debug_rnglists
                0x00000483      0x23c ./Drivers/STM32F2xx_HAL_Driver/Src/stm32f2xx_hal_i2c.o
 .debug_rnglists
                0x000006bf       0x67 ./Drivers/STM32F2xx_HAL_Driver/Src/stm32f2xx_hal_rcc.o
 .debug_rnglists
                0x00000726      0x31a ./Drivers/STM32F2xx_HAL_Driver/Src/stm32f2xx_hal_tim.o
 .debug_rnglists
                0x00000a40      0x125 ./Drivers/STM32F2xx_HAL_Driver/Src/stm32f2xx_hal_tim_ex.o

.debug_macro    0x00000000    0x1d8b7
 .debug_macro   0x00000000      0x2d3 ./Core/Src/main.o
 .debug_macro   0x000002d3      0x244 ./Core/Src/main.o
 .debug_macro   0x00000517       0x2e ./Core/Src/main.o
 .debug_macro   0x00000545       0x22 ./Core/Src/main.o
 .debug_macro   0x00000567       0x8e ./Core/Src/main.o
 .debug_macro   0x000005f5       0x51 ./Core/Src/main.o
 .debug_macro   0x00000646      0x103 ./Core/Src/main.o
 .debug_macro   0x00000749       0x6a ./Core/Src/main.o
 .debug_macro   0x000007b3      0x1df ./Core/Src/main.o
 .debug_macro   0x00000992       0x1c ./Core/Src/main.o
 .debug_macro   0x000009ae       0x22 ./Core/Src/main.o
 .debug_macro   0x000009d0       0xbd ./Core/Src/main.o
 .debug_macro   0x00000a8d      0xe49 ./Core/Src/main.o
 .debug_macro   0x000018d6      0x11f ./Core/Src/main.o
 .debug_macro   0x000019f5    0x133fd ./Core/Src/main.o
 .debug_macro   0x00014df2       0x6d ./Core/Src/main.o
 .debug_macro   0x00014e5f     0x35b3 ./Core/Src/main.o
 .debug_macro   0x00018412      0x190 ./Core/Src/main.o
 .debug_macro   0x000185a2       0x55 ./Core/Src/main.o
 .debug_macro   0x000185f7     0x1056 ./Core/Src/main.o
 .debug_macro   0x0001964d       0x4a ./Core/Src/main.o
 .debug_macro   0x00019697      0x170 ./Core/Src/main.o
 .debug_macro   0x00019807      0x115 ./Core/Src/main.o
 .debug_macro   0x0001991c       0xfa ./Core/Src/main.o
 .debug_macro   0x00019a16       0xa5 ./Core/Src/main.o
 .debug_macro   0x00019abb      0x16a ./Core/Src/main.o
 .debug_macro   0x00019c25      0x287 ./Core/Src/main.o
 .debug_macro   0x00019eac       0x5f ./Core/Src/main.o
 .debug_macro   0x00019f0b      0x236 ./Core/Src/main.o
 .debug_macro   0x0001a141      0x37c ./Core/Src/main.o
 .debug_macro   0x0001a4bd      0x16f ./Core/Src/main.o
 .debug_macro   0x0001a62c       0xf9 ./Core/Src/main.o
 .debug_macro   0x0001a725      0x126 ./Core/Src/main.o
 .debug_macro   0x0001a84b      0x216 ./Core/Src/main.o
 .debug_macro   0x0001aa61       0x2e ./Core/Src/main.o
 .debug_macro   0x0001aa8f      0x287 ./Core/Src/main.o
 .debug_macro   0x0001ad16      0x113 ./Core/Src/main.o
 .debug_macro   0x0001ae29       0x22 ./Core/Src/main.o
 .debug_macro   0x0001ae4b       0x82 ./Core/Src/main.o
 .debug_macro   0x0001aecd      0x8ed ./Core/Src/main.o
 .debug_macro   0x0001b7ba       0x4c ./Core/Src/main.o
 .debug_macro   0x0001b806      0x12d ./Core/Src/main.o
 .debug_macro   0x0001b933       0x61 ./Core/Src/main.o
 .debug_macro   0x0001b994       0x4c ./Core/Src/main.o
 .debug_macro   0x0001b9e0      0x2af ./Core/Src/motors.o
 .debug_macro   0x0001bc8f      0x11c ./Core/Src/motors.o
 .debug_macro   0x0001bdab       0x9b ./Core/Src/motors.o
 .debug_macro   0x0001be46       0x4f ./Core/Src/motors.o
 .debug_macro   0x0001be95      0x2af ./Core/Src/sensors.o
 .debug_macro   0x0001c144      0x1ea ./Core/Src/stm32f2xx_hal_msp.o
 .debug_macro   0x0001c32e      0x1f4 ./Core/Src/stm32f2xx_it.o
 .debug_macro   0x0001c522      0x1e0 ./Core/Src/system_stm32f2xx.o
 .debug_macro   0x0001c702      0x22e ./Drivers/STM32F2xx_HAL_Driver/Src/stm32f2xx_hal.o
 .debug_macro   0x0001c930      0x1e1 ./Drivers/STM32F2xx_HAL_Driver/Src/stm32f2xx_hal_adc.o
 .debug_macro   0x0001cb11      0x1e0 ./Drivers/STM32F2xx_HAL_Driver/Src/stm32f2xx_hal_cortex.o
 .debug_macro   0x0001ccf1      0x1e6 ./Drivers/STM32F2xx_HAL_Driver/Src/stm32f2xx_hal_dma.o
 .debug_macro   0x0001ced7      0x1e7 ./Drivers/STM32F2xx_HAL_Driver/Src/stm32f2xx_hal_gpio.o
 .debug_macro   0x0001d0be      0x22e ./Drivers/STM32F2xx_HAL_Driver/Src/stm32f2xx_hal_i2c.o
 .debug_macro   0x0001d2ec      0x20a ./Drivers/STM32F2xx_HAL_Driver/Src/stm32f2xx_hal_rcc.o
 .debug_macro   0x0001d4f6      0x1e1 ./Drivers/STM32F2xx_HAL_Driver/Src/stm32f2xx_hal_tim.o
 .debug_macro   0x0001d6d7      0x1e0 ./Drivers/STM32F2xx_HAL_Driver/Src/stm32f2xx_hal_tim_ex.o

.debug_line     0x00000000    0x11b1e
 .debug_line    0x00000000      0xcc6 ./Core/Src/main.o
 .debug_line    0x00000cc6      0x9a6 ./Core/Src/motors.o
 .debug_line    0x0000166c      0x918 ./Core/Src/sensors.o
 .debug_line    0x00001f84      0x9f5 ./Core/Src/stm32f2xx_hal_msp.o
 .debug_line    0x00002979      0x820 ./Core/Src/stm32f2xx_it.o
 .debug_line    0x00003199      0x7d6 ./Core/Src/system_stm32f2xx.o
 .debug_line    0x0000396f       0x7a ./Core/Startup/startup_stm32f205retx.o
 .debug_line    0x000039e9      0xaa0 ./Drivers/STM32F2xx_HAL_Driver/Src/stm32f2xx_hal.o
 .debug_line    0x00004489     0x1178 ./Drivers/STM32F2xx_HAL_Driver/Src/stm32f2xx_hal_adc.o
 .debug_line    0x00005601      0xd00 ./Drivers/STM32F2xx_HAL_Driver/Src/stm32f2xx_hal_cortex.o
 .debug_line    0x00006301      0xfb7 ./Drivers/STM32F2xx_HAL_Driver/Src/stm32f2xx_hal_dma.o
 .debug_line    0x000072b8      0xbae ./Drivers/STM32F2xx_HAL_Driver/Src/stm32f2xx_hal_gpio.o
 .debug_line    0x00007e66     0x3af8 ./Drivers/STM32F2xx_HAL_Driver/Src/stm32f2xx_hal_i2c.o
 .debug_line    0x0000b95e     0x1049 ./Drivers/STM32F2xx_HAL_Driver/Src/stm32f2xx_hal_rcc.o
 .debug_line    0x0000c9a7     0x37ce ./Drivers/STM32F2xx_HAL_Driver/Src/stm32f2xx_hal_tim.o
 .debug_line    0x00010175     0x19a9 ./Drivers/STM32F2xx_HAL_Driver/Src/stm32f2xx_hal_tim_ex.o

.debug_str      0x00000000    0xbc290
 .debug_str     0x00000000    0xbc290 ./Core/Src/main.o
                              0xb9351 (size before relaxing)
 .debug_str     0x000bc290    0xb84b9 ./Core/Src/motors.o
 .debug_str     0x000bc290    0xb7f6b ./Core/Src/sensors.o
 .debug_str     0x000bc290    0xb581d ./Core/Src/stm32f2xx_hal_msp.o
 .debug_str     0x000bc290    0xb4eeb ./Core/Src/stm32f2xx_it.o
 .debug_str     0x000bc290    0xb4d2c ./Core/Src/system_stm32f2xx.o
 .debug_str     0x000bc290       0x75 ./Core/Startup/startup_stm32f205retx.o
 .debug_str     0x000bc290    0xb5857 ./Drivers/STM32F2xx_HAL_Driver/Src/stm32f2xx_hal.o
 .debug_str     0x000bc290    0xb5373 ./Drivers/STM32F2xx_HAL_Driver/Src/stm32f2xx_hal_adc.o
 .debug_str     0x000bc290    0xb564e ./Drivers/STM32F2xx_HAL_Driver/Src/stm32f2xx_hal_cortex.o
 .debug_str     0x000bc290    0xb519a ./Drivers/STM32F2xx_HAL_Driver/Src/stm32f2xx_hal_dma.o
 .debug_str     0x000bc290    0xb4eea ./Drivers/STM32F2xx_HAL_Driver/Src/stm32f2xx_hal_gpio.o
 .debug_str     0x000bc290    0xb5d9e ./Drivers/STM32F2xx_HAL_Driver/Src/stm32f2xx_hal_i2c.o
 .debug_str     0x000bc290    0xb51de ./Drivers/STM32F2xx_HAL_Driver/Src/stm32f2xx_hal_rcc.o
 .debug_str     0x000bc290    0xb610a ./Drivers/STM32F2xx_HAL_Driver/Src/stm32f2xx_hal_tim.o
 .debug_str     0x000bc290    0xb5916 ./Drivers/STM32F2xx_HAL_Driver/Src/stm32f2xx_hal_tim_ex.o

.comment        0x00000000       0x43
 .comment       0x00000000       0x43 ./Core/Src/main.o
                                 0x44 (size before relaxing)
 .comment       0x00000043       0x44 ./Core/Src/motors.o
 .comment       0x00000043       0x44 ./Core/Src/sensors.o
 .comment       0x00000043       0x44 ./Core/Src/stm32f2xx_hal_msp.o
 .comment       0x00000043       0x44 ./Core/Src/stm32f2xx_it.o
 .comment       0x00000043       0x44 ./Core/Src/system_stm32f2xx.o
 .comment       0x00000043       0x44 ./Drivers/STM32F2xx_HAL_Driver/Src/stm32f2xx_hal.o
 .comment       0x00000043       0x44 ./Drivers/STM32F2xx_HAL_Driver/Src/stm32f2xx_hal_adc.o
 .comment       0x00000043       0x44 ./Drivers/STM32F2xx_HAL_Driver/Src/stm32f2xx_hal_cortex.o
 .comment       0x00000043       0x44 ./Drivers/STM32F2xx_HAL_Driver/Src/stm32f2xx_hal_dma.o
 .comment       0x00000043       0x44 ./Drivers/STM32F2xx_HAL_Driver/Src/stm32f2xx_hal_gpio.o
 .comment       0x00000043       0x44 ./Drivers/STM32F2xx_HAL_Driver/Src/stm32f2xx_hal_i2c.o
 .comment       0x00000043       0x44 ./Drivers/STM32F2xx_HAL_Driver/Src/stm32f2xx_hal_rcc.o
 .comment       0x00000043       0x44 ./Drivers/STM32F2xx_HAL_Driver/Src/stm32f2xx_hal_tim.o
 .comment       0x00000043       0x44 ./Drivers/STM32F2xx_HAL_Driver/Src/stm32f2xx_hal_tim_ex.o

.debug_frame    0x00000000     0x3ad8
 .debug_frame   0x00000000      0x1c8 ./Core/Src/main.o
 .debug_frame   0x000001c8       0xdc ./Core/Src/motors.o
 .debug_frame   0x000002a4       0xac ./Core/Src/sensors.o
 .debug_frame   0x00000350      0x1c0 ./Core/Src/stm32f2xx_hal_msp.o
 .debug_frame   0x00000510      0x114 ./Core/Src/stm32f2xx_it.o
 .debug_frame   0x00000624       0x50 ./Core/Src/system_stm32f2xx.o
 .debug_frame   0x00000674      0x32c ./Drivers/STM32F2xx_HAL_Driver/Src/stm32f2xx_hal.o
 .debug_frame   0x000009a0      0x3bc ./Drivers/STM32F2xx_HAL_Driver/Src/stm32f2xx_hal_adc.o
 .debug_frame   0x00000d5c      0x49c ./Drivers/STM32F2xx_HAL_Driver/Src/stm32f2xx_hal_cortex.o
 .debug_frame   0x000011f8      0x230 ./Drivers/STM32F2xx_HAL_Driver/Src/stm32f2xx_hal_dma.o
 .debug_frame   0x00001428      0x130 ./Drivers/STM32F2xx_HAL_Driver/Src/stm32f2xx_hal_gpio.o
 .debug_frame   0x00001558      0xbf4 ./Drivers/STM32F2xx_HAL_Driver/Src/stm32f2xx_hal_i2c.o
 .debug_frame   0x0000214c      0x1f0 ./Drivers/STM32F2xx_HAL_Driver/Src/stm32f2xx_hal_rcc.o
 .debug_frame   0x0000233c     0x10f0 ./Drivers/STM32F2xx_HAL_Driver/Src/stm32f2xx_hal_tim.o
 .debug_frame   0x0000342c      0x600 ./Drivers/STM32F2xx_HAL_Driver/Src/stm32f2xx_hal_tim_ex.o
 .debug_frame   0x00003a2c       0x20 C:/ST/STM32CubeIDE_2.1.1/STM32CubeIDE/plugins/com.st.stm32cube.ide.mcu.externaltools.gnu-tools-for-stm32.14.3.rel1.win32_1.0.100.202602081740/tools/bin/../lib/gcc/arm-none-eabi/14.3.1/../../../../arm-none-eabi/lib/thumb/v7-m/nofp\libc_nano.a(libc_a-memset.o)
 .debug_frame   0x00003a4c       0x2c C:/ST/STM32CubeIDE_2.1.1/STM32CubeIDE/plugins/com.st.stm32cube.ide.mcu.externaltools.gnu-tools-for-stm32.14.3.rel1.win32_1.0.100.202602081740/tools/bin/../lib/gcc/arm-none-eabi/14.3.1/../../../../arm-none-eabi/lib/thumb/v7-m/nofp\libc_nano.a(libc_a-init.o)
 .debug_frame   0x00003a78       0x2c C:/ST/STM32CubeIDE_2.1.1/STM32CubeIDE/plugins/com.st.stm32cube.ide.mcu.externaltools.gnu-tools-for-stm32.14.3.rel1.win32_1.0.100.202602081740/tools/bin/../lib/gcc/arm-none-eabi/14.3.1/thumb/v7-m/nofp\libgcc.a(_aeabi_uldivmod.o)
 .debug_frame   0x00003aa4       0x34 C:/ST/STM32CubeIDE_2.1.1/STM32CubeIDE/plugins/com.st.stm32cube.ide.mcu.externaltools.gnu-tools-for-stm32.14.3.rel1.win32_1.0.100.202602081740/tools/bin/../lib/gcc/arm-none-eabi/14.3.1/thumb/v7-m/nofp\libgcc.a(_udivmoddi4.o)

.debug_line_str
                0x00000000       0x59
 .debug_line_str
                0x00000000       0x59 ./Core/Startup/startup_stm32f205retx.o
