../Core/Src/main.c:87:5:main	8	static
../Core/Src/main.c:142:6:SystemClock_Config	80	static
../Core/Src/main.c:181:13:MX_ADC1_Init	24	static
../Core/Src/main.c:246:13:MX_I2C1_Init	8	static
../Core/Src/main.c:278:13:MX_TIM1_Init	56	static
../Core/Src/main.c:326:13:MX_TIM2_Init	48	static
../Core/Src/main.c:373:13:MX_TIM3_Init	56	static
../Core/Src/main.c:420:13:MX_TIM4_Init	48	static
../Core/Src/main.c:467:13:MX_TIM13_Init	40	static
../Core/Src/main.c:510:13:MX_TIM14_Init	40	static
../Core/Src/main.c:551:13:MX_DMA_Init	16	static
../Core/Src/main.c:568:13:MX_GPIO_Init	48	static
../Core/Src/main.c:620:6:Error_Handler	4	static,ignoring_inline_asm
